// Jest Snapshot v1, https://goo.gl/fbAQLP

exports[`renders correctly 1`] = `
<View
  onLayout={[Function]}
  style={
    Object {
      "flex": 1,
    }
  }
>
  <View
    onMoveShouldSetResponder={[Function]}
    onMoveShouldSetResponderCapture={[Function]}
    onResponderEnd={[Function]}
    onResponderGrant={[Function]}
    onResponderMove={[Function]}
    onResponderReject={[Function]}
    onResponderRelease={[Function]}
    onResponderStart={[Function]}
    onResponderTerminate={[Function]}
    onResponderTerminationRequest={[Function]}
    onStartShouldSetResponder={[Function]}
    onStartShouldSetResponderCapture={[Function]}
    style={
      Array [
        Object {
          "flex": 1,
          "flexDirection": "column-reverse",
        },
        Object {
          "backgroundColor": "#000",
        },
      ]
    }
  >
    <View
      style={
        Object {
          "flex": 1,
        }
      }
    >
      <View
        accessibilityElementsHidden={false}
        collapsable={undefined}
        pointerEvents="auto"
        style={
          Object {
            "backgroundColor": "#E9E9EF",
            "bottom": 0,
            "left": 0,
            "marginTop": 0,
            "opacity": 1,
            "position": "absolute",
            "right": 0,
            "shadowColor": "black",
            "shadowOffset": Object {
              "height": 0,
              "width": 0,
            },
            "shadowOpacity": 0.2,
            "shadowRadius": 5,
            "top": 0,
            "transform": Array [
              Object {
                "translateX": 0,
              },
              Object {
                "translateY": 0,
              },
            ],
          }
        }
      >
        <View
          style={undefined}
        >
          <View
            style={
              Array [
                Object {
                  "backgroundColor": "#393e42",
                  "borderBottomColor": "#000",
                  "borderBottomWidth": 1,
                  "borderTopColor": "#000",
                  "borderTopWidth": 1,
                },
                Object {
                  "backgroundColor": "#e1e8ee",
                  "borderBottomColor": "#e1e1e1",
                  "borderTopColor": "#e1e1e1",
                },
                undefined,
              ]
            }
          >
            <TextInput
              allowFontScaling={true}
              autoCorrect={false}
              onChangeText={[Function]}
              placeholder="Search a contact..."
              placeholderTextColor="#86939e"
              style={
                Array [
                  Object {
                    "backgroundColor": "#303337",
                    "borderRadius": 3,
                    "color": "#86939e",
                    "fontSize": 17.5,
                    "height": 30,
                    "margin": 8,
                    "overflow": "hidden",
                    "paddingLeft": 26,
                    "paddingRight": 19,
                  },
                  Object {
                    "backgroundColor": "#bdc6cf",
                  },
                  false,
                  false,
                  undefined,
                  undefined,
                  false,
                ]
              }
              underlineColorAndroid="transparent"
              value=""
            />
            <Text
              accessible={true}
              allowFontScaling={false}
              ellipsizeMode="tail"
              style={
                Array [
                  Object {
                    "color": "#86939e",
                    "fontSize": 16,
                  },
                  Array [
                    Object {
                      "backgroundColor": "transparent",
                      "position": "absolute",
                      "top": 15.5,
                    },
                    Object {
                      "left": 16,
                    },
                    undefined,
                  ],
                  Object {
                    "fontFamily": "Material Icons",
                    "fontStyle": "normal",
                    "fontWeight": "normal",
                  },
                ]
              }
            >
              î¢¶
            </Text>
          </View>
          <RCTScrollView
            automaticallyAdjustContentInsets={false}
            dataSource={
              ListViewDataSource {
                "items": 0,
              }
            }
            enableEmptySections={true}
            renderRow={[Function]}
            renderScrollComponent={[Function]}
          >
            <View />
          </RCTScrollView>
        </View>
      </View>
    </View>
    <View
      onLayout={[Function]}
      pointerEvents="box-none"
    >
      <View
        collapsable={undefined}
        style={
          Object {
            "backgroundColor": "#FFF",
            "transform": Array [
              Object {
                "translateX": 0,
              },
            ],
          }
        }
      >
        <View
          collapsable={undefined}
          onLayout={[Function]}
          pointerEvents="box-none"
          style={
            Object {
              "backgroundColor": "#FFF",
              "borderBottomColor": "#A7A7AA",
              "borderBottomWidth": 0.5,
              "height": 64,
              "paddingBottom": 0,
              "paddingLeft": 0,
              "paddingRight": 0,
              "paddingTop": 20,
            }
          }
        >
          <View
            style={
              Object {
                "flex": 1,
              }
            }
          >
            <View
              style={
                Object {
                  "bottom": 0,
                  "flexDirection": "row",
                  "left": 0,
                  "position": "absolute",
                  "right": 0,
                  "top": 0,
                }
              }
            >
              <View
                collapsable={undefined}
                pointerEvents="box-none"
                style={
                  Object {
                    "alignItems": "center",
                    "backgroundColor": "transparent",
                    "bottom": 0,
                    "flexDirection": "row",
                    "justifyContent": "center",
                    "left": 0,
                    "opacity": 1,
                    "position": "absolute",
                    "right": 0,
                    "top": 0,
                  }
                }
              >
                <Text
                  accessibilityTraits="header"
                  accessible={false}
                  allowFontScaling={true}
                  collapsable={undefined}
                  ellipsizeMode="tail"
                  numberOfLines={1}
                  onLayout={[Function]}
                  style={
                    Object {
                      "color": "rgba(0, 0, 0, .9)",
                      "fontSize": 17,
                      "fontWeight": "600",
                      "marginHorizontal": 16,
                      "textAlign": "center",
                    }
                  }
                />
              </View>
            </View>
          </View>
        </View>
      </View>
    </View>
  </View>
</View>
`;
