// Jest Snapshot v1, https://goo.gl/fbAQLP

exports[`renders correctly 1`] = `
<RCTScrollView>
  <View>
    <View
      style={undefined}
    >
      <View>
        <View
          style={
            Array [
              Object {},
              undefined,
            ]
          }
        >
          <Text
            accessible={true}
            allowFontScaling={true}
            ellipsizeMode="tail"
            style={
              Array [
                Object {},
                undefined,
                undefined,
                undefined,
                undefined,
                undefined,
                undefined,
                undefined,
                undefined,
                undefined,
                Array [
                  Object {
                    "color": "#86939e",
                    "fontSize": 15,
                    "fontWeight": "bold",
                    "marginBottom": 1,
                    "marginLeft": 20,
                    "marginRight": 20,
                    "marginTop": 15,
                  },
                  undefined,
                  undefined,
                ],
              ]
            }
          >
            First name
          </Text>
        </View>
        <View
          collapsable={undefined}
          style={
            Object {
              "borderBottomColor": "#bdc6cf",
              "borderBottomWidth": 1,
              "marginLeft": 20,
              "marginRight": 20,
              "transform": Array [
                Object {
                  "translateX": 0,
                },
              ],
            }
          }
        >
          <TextInput
            allowFontScaling={true}
            onChangeText={[Function]}
            style={
              Array [
                Object {
                  "color": "#86939e",
                  "minHeight": 36,
                  "width": 750,
                },
                Object {
                  "fontSize": 17.5,
                },
                undefined,
              ]
            }
            value="Obi Wan"
          />
        </View>
      </View>
      <View>
        <View
          style={
            Array [
              Object {},
              undefined,
            ]
          }
        >
          <Text
            accessible={true}
            allowFontScaling={true}
            ellipsizeMode="tail"
            style={
              Array [
                Object {},
                undefined,
                undefined,
                undefined,
                undefined,
                undefined,
                undefined,
                undefined,
                undefined,
                undefined,
                Array [
                  Object {
                    "color": "#86939e",
                    "fontSize": 15,
                    "fontWeight": "bold",
                    "marginBottom": 1,
                    "marginLeft": 20,
                    "marginRight": 20,
                    "marginTop": 15,
                  },
                  undefined,
                  undefined,
                ],
              ]
            }
          >
            Last name
          </Text>
        </View>
        <View
          collapsable={undefined}
          style={
            Object {
              "borderBottomColor": "#bdc6cf",
              "borderBottomWidth": 1,
              "marginLeft": 20,
              "marginRight": 20,
              "transform": Array [
                Object {
                  "translateX": 0,
                },
              ],
            }
          }
        >
          <TextInput
            allowFontScaling={true}
            onChangeText={[Function]}
            style={
              Array [
                Object {
                  "color": "#86939e",
                  "minHeight": 36,
                  "width": 750,
                },
                Object {
                  "fontSize": 17.5,
                },
                undefined,
              ]
            }
            value="Kenobi"
          />
        </View>
      </View>
      <View>
        <View
          style={
            Array [
              Object {},
              undefined,
            ]
          }
        >
          <Text
            accessible={true}
            allowFontScaling={true}
            ellipsizeMode="tail"
            style={
              Array [
                Object {},
                undefined,
                undefined,
                undefined,
                undefined,
                undefined,
                undefined,
                undefined,
                undefined,
                undefined,
                Array [
                  Object {
                    "color": "#86939e",
                    "fontSize": 15,
                    "fontWeight": "bold",
                    "marginBottom": 1,
                    "marginLeft": 20,
                    "marginRight": 20,
                    "marginTop": 15,
                  },
                  undefined,
                  undefined,
                ],
              ]
            }
          >
            Title
          </Text>
        </View>
        <View
          collapsable={undefined}
          style={
            Object {
              "borderBottomColor": "#bdc6cf",
              "borderBottomWidth": 1,
              "marginLeft": 20,
              "marginRight": 20,
              "transform": Array [
                Object {
                  "translateX": 0,
                },
              ],
            }
          }
        >
          <TextInput
            allowFontScaling={true}
            onChangeText={[Function]}
            style={
              Array [
                Object {
                  "color": "#86939e",
                  "minHeight": 36,
                  "width": 750,
                },
                Object {
                  "fontSize": 17.5,
                },
                undefined,
              ]
            }
            value="Jedi Master"
          />
        </View>
      </View>
      <View>
        <View
          style={
            Array [
              Object {},
              undefined,
            ]
          }
        >
          <Text
            accessible={true}
            allowFontScaling={true}
            ellipsizeMode="tail"
            style={
              Array [
                Object {},
                undefined,
                undefined,
                undefined,
                undefined,
                undefined,
                undefined,
                undefined,
                undefined,
                undefined,
                Array [
                  Object {
                    "color": "#86939e",
                    "fontSize": 15,
                    "fontWeight": "bold",
                    "marginBottom": 1,
                    "marginLeft": 20,
                    "marginRight": 20,
                    "marginTop": 15,
                  },
                  undefined,
                  undefined,
                ],
              ]
            }
          >
            Mobile phone
          </Text>
        </View>
        <View
          collapsable={undefined}
          style={
            Object {
              "borderBottomColor": "#bdc6cf",
              "borderBottomWidth": 1,
              "marginLeft": 20,
              "marginRight": 20,
              "transform": Array [
                Object {
                  "translateX": 0,
                },
              ],
            }
          }
        >
          <TextInput
            allowFontScaling={true}
            onChangeText={[Function]}
            style={
              Array [
                Object {
                  "color": "#86939e",
                  "minHeight": 36,
                  "width": 750,
                },
                Object {
                  "fontSize": 17.5,
                },
                undefined,
              ]
            }
            value="(999) 999-9999"
          />
        </View>
      </View>
      <View>
        <View
          style={
            Array [
              Object {},
              undefined,
            ]
          }
        >
          <Text
            accessible={true}
            allowFontScaling={true}
            ellipsizeMode="tail"
            style={
              Array [
                Object {},
                undefined,
                undefined,
                undefined,
                undefined,
                undefined,
                undefined,
                undefined,
                undefined,
                undefined,
                Array [
                  Object {
                    "color": "#86939e",
                    "fontSize": 15,
                    "fontWeight": "bold",
                    "marginBottom": 1,
                    "marginLeft": 20,
                    "marginRight": 20,
                    "marginTop": 15,
                  },
                  undefined,
                  undefined,
                ],
              ]
            }
          >
            Email address
          </Text>
        </View>
        <View
          collapsable={undefined}
          style={
            Object {
              "borderBottomColor": "#bdc6cf",
              "borderBottomWidth": 1,
              "marginLeft": 20,
              "marginRight": 20,
              "transform": Array [
                Object {
                  "translateX": 0,
                },
              ],
            }
          }
        >
          <TextInput
            allowFontScaling={true}
            onChangeText={[Function]}
            style={
              Array [
                Object {
                  "color": "#86939e",
                  "minHeight": 36,
                  "width": 750,
                },
                Object {
                  "fontSize": 17.5,
                },
                undefined,
              ]
            }
            value="obiwan@moseisley.net"
          />
        </View>
      </View>
      <View>
        <View
          style={
            Array [
              Object {},
              undefined,
            ]
          }
        >
          <Text
            accessible={true}
            allowFontScaling={true}
            ellipsizeMode="tail"
            style={
              Array [
                Object {},
                undefined,
                undefined,
                undefined,
                undefined,
                undefined,
                undefined,
                undefined,
                undefined,
                undefined,
                Array [
                  Object {
                    "color": "#86939e",
                    "fontSize": 15,
                    "fontWeight": "bold",
                    "marginBottom": 1,
                    "marginLeft": 20,
                    "marginRight": 20,
                    "marginTop": 15,
                  },
                  undefined,
                  undefined,
                ],
              ]
            }
          >
            Department
          </Text>
        </View>
        <View
          collapsable={undefined}
          style={
            Object {
              "borderBottomColor": "#bdc6cf",
              "borderBottomWidth": 1,
              "marginLeft": 20,
              "marginRight": 20,
              "transform": Array [
                Object {
                  "translateX": 0,
                },
              ],
            }
          }
        >
          <TextInput
            allowFontScaling={true}
            onChangeText={[Function]}
            style={
              Array [
                Object {
                  "color": "#86939e",
                  "minHeight": 36,
                  "width": 750,
                },
                Object {
                  "fontSize": 17.5,
                },
                undefined,
              ]
            }
            value="The Force"
          />
        </View>
      </View>
      <View>
        <View
          style={
            Array [
              Object {},
              undefined,
            ]
          }
        >
          <Text
            accessible={true}
            allowFontScaling={true}
            ellipsizeMode="tail"
            style={
              Array [
                Object {},
                undefined,
                undefined,
                undefined,
                undefined,
                undefined,
                undefined,
                undefined,
                undefined,
                undefined,
                Array [
                  Object {
                    "color": "#86939e",
                    "fontSize": 15,
                    "fontWeight": "bold",
                    "marginBottom": 1,
                    "marginLeft": 20,
                    "marginRight": 20,
                    "marginTop": 15,
                  },
                  undefined,
                  undefined,
                ],
              ]
            }
          >
            Home phone
          </Text>
        </View>
        <View
          collapsable={undefined}
          style={
            Object {
              "borderBottomColor": "#bdc6cf",
              "borderBottomWidth": 1,
              "marginLeft": 20,
              "marginRight": 20,
              "transform": Array [
                Object {
                  "translateX": 0,
                },
              ],
            }
          }
        >
          <TextInput
            allowFontScaling={true}
            onChangeText={[Function]}
            style={
              Array [
                Object {
                  "color": "#86939e",
                  "minHeight": 36,
                  "width": 750,
                },
                Object {
                  "fontSize": 17.5,
                },
                undefined,
              ]
            }
            value="(111) 111-1111"
          />
        </View>
      </View>
      <View
        style={
          Object {
            "marginTop": 10,
          }
        }
      >
        <View
          accessibilityComponentType="button"
          accessibilityLabel={undefined}
          accessibilityTraits={
            Array [
              "button",
            ]
          }
          accessible={true}
          collapsable={undefined}
          hasTVPreferredFocus={undefined}
          hitSlop={undefined}
          isTVSelectable={true}
          nativeID={undefined}
          onLayout={undefined}
          onResponderGrant={[Function]}
          onResponderMove={[Function]}
          onResponderRelease={[Function]}
          onResponderTerminate={[Function]}
          onResponderTerminationRequest={[Function]}
          onStartShouldSetResponder={[Function]}
          style={
            Object {
              "opacity": 1,
            }
          }
          testID={undefined}
          tvParallaxProperties={undefined}
        >
          <View
            style={
              Array [
                Object {},
              ]
            }
          >
            <Text
              accessible={true}
              allowFontScaling={true}
              disabled={undefined}
              ellipsizeMode="tail"
              style={
                Array [
                  Object {
                    "color": "#007AFF",
                    "fontSize": 18,
                    "padding": 8,
                    "textAlign": "center",
                  },
                ]
              }
            >
              Delete
            </Text>
          </View>
        </View>
      </View>
    </View>
  </View>
</RCTScrollView>
`;
