// Jest Snapshot v1, https://goo.gl/fbAQLP

exports[`renders correctly 1`] = `
<View
  style={undefined}
>
  <View
    style={
      Array [
        Object {
          "backgroundColor": "#393e42",
          "borderBottomColor": "#000",
          "borderBottomWidth": 1,
          "borderTopColor": "#000",
          "borderTopWidth": 1,
        },
        Object {
          "backgroundColor": "#e1e8ee",
          "borderBottomColor": "#e1e1e1",
          "borderTopColor": "#e1e1e1",
        },
        undefined,
      ]
    }
  >
    <TextInput
      allowFontScaling={true}
      autoCorrect={false}
      onChangeText={[Function]}
      placeholder="Search a contact..."
      placeholderTextColor="#86939e"
      style={
        Array [
          Object {
            "backgroundColor": "#303337",
            "borderRadius": 3,
            "color": "#86939e",
            "fontSize": 17.5,
            "height": 30,
            "margin": 8,
            "overflow": "hidden",
            "paddingLeft": 26,
            "paddingRight": 19,
          },
          Object {
            "backgroundColor": "#bdc6cf",
          },
          false,
          false,
          undefined,
          undefined,
          Object {
            "paddingRight": 30,
          },
        ]
      }
      underlineColorAndroid="transparent"
      value=""
    />
    <Text
      accessible={true}
      allowFontScaling={false}
      ellipsizeMode="tail"
      style={
        Array [
          Object {
            "color": "#86939e",
            "fontSize": 16,
          },
          Array [
            Object {
              "backgroundColor": "transparent",
              "position": "absolute",
              "top": 15.5,
            },
            Object {
              "left": 16,
            },
            undefined,
          ],
          Object {
            "fontFamily": "Material Icons",
            "fontStyle": "normal",
            "fontWeight": "normal",
          },
        ]
      }
    >
      î¢¶
    </Text>
    <ActivityIndicator
      animating={true}
      color="#86939e"
      hidesWhenStopped={true}
      size="small"
      style={
        Array [
          Object {
            "backgroundColor": "transparent",
            "position": "absolute",
            "right": 16,
            "top": 13,
          },
          undefined,
          undefined,
        ]
      }
    />
  </View>
  <RCTScrollView
    automaticallyAdjustContentInsets={false}
    dataSource={
      ListViewDataSource {
        "items": 0,
      }
    }
    enableEmptySections={true}
    renderRow={[Function]}
    renderScrollComponent={[Function]}
  >
    <View />
  </RCTScrollView>
</View>
`;
